============================= test session starts ==============================
platform linux -- Python 3.11.14, pytest-9.0.2, pluggy-1.6.0
rootdir: /app
plugins: anyio-4.12.1
collected 7 items

tests/tests/test_beta_lactam_service.py ....FFF                          [100%]

=================================== FAILURES ===================================
____________________ test_governance_rules_scope_validation ____________________
tests/tests/test_beta_lactam_service.py:105: in test_governance_rules_scope_validation
    bl_service.evaluate_spectrum(out_of_scope_data, ast_available=False)
    ^^^^^^^^^^^^^^^^^^^^^^^^^^^^
E   AttributeError: 'BetaLactamSpectrumService' object has no attribute 'evaluate_spectrum'
---------------------------- Captured stdout setup -----------------------------
Γ£à BetaLactamSpectrumService loaded. Features: 10 | Generations: ['Gen1', 'Gen2', 'Gen3', 'Gen4', 'Carbapenem', 'BL_Combo']
________________________ test_governance_rules_ast_lock ________________________
tests/tests/test_beta_lactam_service.py:116: in test_governance_rules_ast_lock
    bl_service.evaluate_spectrum(mock_patient_data, ast_available=True)
    ^^^^^^^^^^^^^^^^^^^^^^^^^^^^
E   AttributeError: 'BetaLactamSpectrumService' object has no attribute 'evaluate_spectrum'
---------------------------- Captured stdout setup -----------------------------
Γ£à BetaLactamSpectrumService loaded. Features: 10 | Generations: ['Gen1', 'Gen2', 'Gen3', 'Gen4', 'Carbapenem', 'BL_Combo']
______________________________ test_ood_detection ______________________________
tests/tests/test_beta_lactam_service.py:130: in test_ood_detection
    is_ood = bl_service._check_out_of_distribution(vector)
             ^^^^^^^^^^^^^^^^^^^^^^^^^^^^^^^^^^^^^
E   AttributeError: 'BetaLactamSpectrumService' object has no attribute '_check_out_of_distribution'
---------------------------- Captured stdout setup -----------------------------
Γ£à BetaLactamSpectrumService loaded. Features: 10 | Generations: ['Gen1', 'Gen2', 'Gen3', 'Gen4', 'Carbapenem', 'BL_Combo']
=============================== warnings summary ===============================
../usr/local/lib/python3.11/site-packages/sklearn/utils/fixes.py:24
  /usr/local/lib/python3.11/site-packages/sklearn/utils/fixes.py:24: DeprecationWarning: 
  Pyarrow will become a required dependency of pandas in the next major release of pandas (pandas 3.0),
  (to allow more performant data types, such as the Arrow string type, and better interoperability with other libraries)
  but was not found to be installed on your system.
  If this would cause problems for you,
  please provide us feedback at https://github.com/pandas-dev/pandas/issues/54466
          
    import pandas as pd

../usr/local/lib/python3.11/site-packages/sklearn/base.py:376
tests/tests/test_beta_lactam_service.py::test_service_initialization
tests/tests/test_beta_lactam_service.py::test_feature_masking
tests/tests/test_beta_lactam_service.py::test_multi_generation_prediction_shape
tests/tests/test_beta_lactam_service.py::test_bayesian_stewardship_ranking
tests/tests/test_beta_lactam_service.py::test_governance_rules_scope_validation
tests/tests/test_beta_lactam_service.py::test_governance_rules_ast_lock
tests/tests/test_beta_lactam_service.py::test_ood_detection
  /usr/local/lib/python3.11/site-packages/sklearn/base.py:376: InconsistentVersionWarning: Trying to unpickle estimator DummyClassifier from version 1.6.1 when using version 1.5.2. This might lead to breaking code or invalid results. Use at your own risk. For more info please refer to:
  https://scikit-learn.org/stable/model_persistence.html#security-maintainability-limitations
    warnings.warn(

-- Docs: https://docs.pytest.org/en/stable/how-to/capture-warnings.html
=========================== short test summary info ============================
FAILED tests/tests/test_beta_lactam_service.py::test_governance_rules_scope_validation
FAILED tests/tests/test_beta_lactam_service.py::test_governance_rules_ast_lock
FAILED tests/tests/test_beta_lactam_service.py::test_ood_detection - Attribut...
=================== 3 failed, 4 passed, 9 warnings in 3.85s ====================
